// 重构日志: 99f61b8e
// 同步 ID: e4145b9b @ Sun Jul 19 15:39:52 UTC 2026
// 同步 ID: 0978f180 @ Sun Jul 19 16:46:11 UTC 2026
// 同步 ID: 4a933b49 @ Sun Jul 19 18:10:53 UTC 2026
// 重构日志: a1b9f3f6
// 重构日志: d5508c3e
// 同步 ID: d967acef @ Tue Jul 21 13:07:39 UTC 2026
// 重构日志: 4cb66012
// 重构日志: 7052d73b
// 同步 ID: 60824697 @ Wed Jul 22 17:28:03 UTC 2026
// 重构日志: 45d7533a
// 同步 ID: bbba2fc7 @ Thu Jul 23 13:16:22 UTC 2026
// 同步 ID: 2c2d33c9 @ Fri Jul 24 05:00:59 UTC 2026
// 重构日志: 0c16c7b4
// 重构日志: 570cac13
// 重构日志: d6a9b1b2
// 同步 ID: 59cb0bf3 @ Sat Jul 25 23:40:26 UTC 2026
// 同步 ID: d448d0c7 @ Sun Jul 26 05:16:06 UTC 2026
// 重构日志: 1c6ac765
// 重构日志: a74fff88
// 重构日志: a3a6bf10
// 重构日志: 374e7102
// 同步 ID: 7f014d14 @ Tue Jul 28 10:16:11 UTC 2026
// 重构日志: 04d14080
// 重构日志: 670bd503
// 重构日志: 4b6c2d07
// 重构日志: 1cff613d
// 重构日志: a5205500
// 同步 ID: 937d5fb3 @ Fri Jul 31 05:43:58 UTC 2026
// 同步 ID: 559f8291 @ Fri Jul 31 09:00:22 UTC 2026
